Archive member included to satisfy reference by file (symbol)

/opt/st/stm32cubeide_1.10.1/plugins/com.st.stm32cube.ide.mcu.externaltools.gnu-tools-for-stm32.10.3-2021.10.linux64_1.0.0.202111181127/tools/bin/../lib/gcc/arm-none-eabi/10.3.1/../../../../arm-none-eabi/lib/thumb/v7-m/nofp/libc_nano.a(lib_a-errno.o)
                              ./Core/Src/syscalls.o (__errno)
/opt/st/stm32cubeide_1.10.1/plugins/com.st.stm32cube.ide.mcu.externaltools.gnu-tools-for-stm32.10.3-2021.10.linux64_1.0.0.202111181127/tools/bin/../lib/gcc/arm-none-eabi/10.3.1/../../../../arm-none-eabi/lib/thumb/v7-m/nofp/libc_nano.a(lib_a-exit.o)
                              /opt/st/stm32cubeide_1.10.1/plugins/com.st.stm32cube.ide.mcu.externaltools.gnu-tools-for-stm32.10.3-2021.10.linux64_1.0.0.202111181127/tools/bin/../lib/gcc/arm-none-eabi/10.3.1/../../../../arm-none-eabi/lib/thumb/v7-m/nofp/crt0.o (exit)
/opt/st/stm32cubeide_1.10.1/plugins/com.st.stm32cube.ide.mcu.externaltools.gnu-tools-for-stm32.10.3-2021.10.linux64_1.0.0.202111181127/tools/bin/../lib/gcc/arm-none-eabi/10.3.1/../../../../arm-none-eabi/lib/thumb/v7-m/nofp/libc_nano.a(lib_a-impure.o)
                              /opt/st/stm32cubeide_1.10.1/plugins/com.st.stm32cube.ide.mcu.externaltools.gnu-tools-for-stm32.10.3-2021.10.linux64_1.0.0.202111181127/tools/bin/../lib/gcc/arm-none-eabi/10.3.1/../../../../arm-none-eabi/lib/thumb/v7-m/nofp/libc_nano.a(lib_a-exit.o) (_global_impure_ptr)
/opt/st/stm32cubeide_1.10.1/plugins/com.st.stm32cube.ide.mcu.externaltools.gnu-tools-for-stm32.10.3-2021.10.linux64_1.0.0.202111181127/tools/bin/../lib/gcc/arm-none-eabi/10.3.1/../../../../arm-none-eabi/lib/thumb/v7-m/nofp/libc_nano.a(lib_a-init.o)
                              /opt/st/stm32cubeide_1.10.1/plugins/com.st.stm32cube.ide.mcu.externaltools.gnu-tools-for-stm32.10.3-2021.10.linux64_1.0.0.202111181127/tools/bin/../lib/gcc/arm-none-eabi/10.3.1/../../../../arm-none-eabi/lib/thumb/v7-m/nofp/crt0.o (__libc_init_array)
/opt/st/stm32cubeide_1.10.1/plugins/com.st.stm32cube.ide.mcu.externaltools.gnu-tools-for-stm32.10.3-2021.10.linux64_1.0.0.202111181127/tools/bin/../lib/gcc/arm-none-eabi/10.3.1/../../../../arm-none-eabi/lib/thumb/v7-m/nofp/libc_nano.a(lib_a-memset.o)
                              /opt/st/stm32cubeide_1.10.1/plugins/com.st.stm32cube.ide.mcu.externaltools.gnu-tools-for-stm32.10.3-2021.10.linux64_1.0.0.202111181127/tools/bin/../lib/gcc/arm-none-eabi/10.3.1/../../../../arm-none-eabi/lib/thumb/v7-m/nofp/crt0.o (memset)
/opt/st/stm32cubeide_1.10.1/plugins/com.st.stm32cube.ide.mcu.externaltools.gnu-tools-for-stm32.10.3-2021.10.linux64_1.0.0.202111181127/tools/bin/../lib/gcc/arm-none-eabi/10.3.1/thumb/v7-m/nofp/libgcc.a(_arm_mulsf3.o)
                              ./Core/Src/main.o (__aeabi_fmul)
/opt/st/stm32cubeide_1.10.1/plugins/com.st.stm32cube.ide.mcu.externaltools.gnu-tools-for-stm32.10.3-2021.10.linux64_1.0.0.202111181127/tools/bin/../lib/gcc/arm-none-eabi/10.3.1/thumb/v7-m/nofp/libgcc.a(_arm_addsubsf3.o)
                              ./Core/Src/main.o (__aeabi_fsub)
/opt/st/stm32cubeide_1.10.1/plugins/com.st.stm32cube.ide.mcu.externaltools.gnu-tools-for-stm32.10.3-2021.10.linux64_1.0.0.202111181127/tools/bin/../lib/gcc/arm-none-eabi/10.3.1/thumb/v7-m/nofp/libgcc.a(_arm_muldivsf3.o)
                              ./Core/Src/main.o (__aeabi_fdiv)

Discarded input sections

 .text          0x0000000000000000        0x0 /opt/st/stm32cubeide_1.10.1/plugins/com.st.stm32cube.ide.mcu.externaltools.gnu-tools-for-stm32.10.3-2021.10.linux64_1.0.0.202111181127/tools/bin/../lib/gcc/arm-none-eabi/10.3.1/thumb/v7-m/nofp/crti.o
 .data          0x0000000000000000        0x0 /opt/st/stm32cubeide_1.10.1/plugins/com.st.stm32cube.ide.mcu.externaltools.gnu-tools-for-stm32.10.3-2021.10.linux64_1.0.0.202111181127/tools/bin/../lib/gcc/arm-none-eabi/10.3.1/thumb/v7-m/nofp/crti.o
 .bss           0x0000000000000000        0x0 /opt/st/stm32cubeide_1.10.1/plugins/com.st.stm32cube.ide.mcu.externaltools.gnu-tools-for-stm32.10.3-2021.10.linux64_1.0.0.202111181127/tools/bin/../lib/gcc/arm-none-eabi/10.3.1/thumb/v7-m/nofp/crti.o
 .data          0x0000000000000000        0x4 /opt/st/stm32cubeide_1.10.1/plugins/com.st.stm32cube.ide.mcu.externaltools.gnu-tools-for-stm32.10.3-2021.10.linux64_1.0.0.202111181127/tools/bin/../lib/gcc/arm-none-eabi/10.3.1/thumb/v7-m/nofp/crtbegin.o
 .rodata        0x0000000000000000       0x24 /opt/st/stm32cubeide_1.10.1/plugins/com.st.stm32cube.ide.mcu.externaltools.gnu-tools-for-stm32.10.3-2021.10.linux64_1.0.0.202111181127/tools/bin/../lib/gcc/arm-none-eabi/10.3.1/thumb/v7-m/nofp/crtbegin.o
 .text          0x0000000000000000       0x7c /opt/st/stm32cubeide_1.10.1/plugins/com.st.stm32cube.ide.mcu.externaltools.gnu-tools-for-stm32.10.3-2021.10.linux64_1.0.0.202111181127/tools/bin/../lib/gcc/arm-none-eabi/10.3.1/../../../../arm-none-eabi/lib/thumb/v7-m/nofp/crt0.o
[...]
Memory Configuration

Name             Origin             Length             Attributes
RAM              0x0000000020000000 0x0000000000005000 xrw
FLASH            0x0000000008000000 0x0000000000010000 xr
*default*        0x0000000000000000 0xffffffffffffffff

Linker script and memory map

LOAD /opt/st/stm32cubeide_1.10.1/plugins/com.st.stm32cube.ide.mcu.externaltools.gnu-tools-for-stm32.10.3-2021.10.linux64_1.0.0.202111181127/tools/bin/../lib/gcc/arm-none-eabi/10.3.1/thumb/v7-m/nofp/crti.o
LOAD /opt/st/stm32cubeide_1.10.1/plugins/com.st.stm32cube.ide.mcu.externaltools.gnu-tools-for-stm32.10.3-2021.10.linux64_1.0.0.202111181127/tools/bin/../lib/gcc/arm-none-eabi/10.3.1/thumb/v7-m/nofp/crtbegin.o
LOAD /opt/st/stm32cubeide_1.10.1/plugins/com.st.stm32cube.ide.mcu.externaltools.gnu-tools-for-stm32.10.3-2021.10.linux64_1.0.0.202111181127/tools/bin/../lib/gcc/arm-none-eabi/10.3.1/../../../../arm-none-eabi/lib/thumb/v7-m/nofp/crt0.o
LOAD ./Core/Src/adc.o
LOAD ./Core/Src/can.o
LOAD ./Core/Src/dma.o
LOAD ./Core/Src/gpio.o
LOAD ./Core/Src/main.o
LOAD ./Core/Src/stm32f1xx_hal_msp.o
LOAD ./Core/Src/stm32f1xx_it.o
LOAD ./Core/Src/syscalls.o
LOAD ./Core/Src/sysmem.o
LOAD ./Core/Src/system_stm32f1xx.o
LOAD ./Core/Startup/startup_stm32f103c8tx.o
LOAD ./Drivers/STM32F1xx_HAL_Driver/Src/stm32f1xx_hal.o
LOAD ./Drivers/STM32F1xx_HAL_Driver/Src/stm32f1xx_hal_adc.o
LOAD ./Drivers/STM32F1xx_HAL_Driver/Src/stm32f1xx_hal_adc_ex.o
LOAD ./Drivers/STM32F1xx_HAL_Driver/Src/stm32f1xx_hal_can.o
LOAD ./Drivers/STM32F1xx_HAL_Driver/Src/stm32f1xx_hal_cortex.o
LOAD ./Drivers/STM32F1xx_HAL_Driver/Src/stm32f1xx_hal_dma.o
LOAD ./Drivers/STM32F1xx_HAL_Driver/Src/stm32f1xx_hal_exti.o
LOAD ./Drivers/STM32F1xx_HAL_Driver/Src/stm32f1xx_hal_flash.o
LOAD ./Drivers/STM32F1xx_HAL_Driver/Src/stm32f1xx_hal_flash_ex.o
LOAD ./Drivers/STM32F1xx_HAL_Driver/Src/stm32f1xx_hal_gpio.o
LOAD ./Drivers/STM32F1xx_HAL_Driver/Src/stm32f1xx_hal_gpio_ex.o
LOAD ./Drivers/STM32F1xx_HAL_Driver/Src/stm32f1xx_hal_pwr.o
LOAD ./Drivers/STM32F1xx_HAL_Driver/Src/stm32f1xx_hal_rcc.o
LOAD ./Drivers/STM32F1xx_HAL_Driver/Src/stm32f1xx_hal_rcc_ex.o
LOAD ./Drivers/STM32F1xx_HAL_Driver/Src/stm32f1xx_hal_tim.o
LOAD ./Drivers/STM32F1xx_HAL_Driver/Src/stm32f1xx_hal_tim_ex.o
START GROUP
LOAD /opt/st/stm32cubeide_1.10.1/plugins/com.st.stm32cube.ide.mcu.externaltools.gnu-tools-for-stm32.10.3-2021.10.linux64_1.0.0.202111181127/tools/bin/../lib/gcc/arm-none-eabi/10.3.1/../../../../arm-none-eabi/lib/thumb/v7-m/nofp/libc_nano.a
LOAD /opt/st/stm32cubeide_1.10.1/plugins/com.st.stm32cube.ide.mcu.externaltools.gnu-tools-for-stm32.10.3-2021.10.linux64_1.0.0.202111181127/tools/bin/../lib/gcc/arm-none-eabi/10.3.1/../../../../arm-none-eabi/lib/thumb/v7-m/nofp/libm.a
END GROUP
START GROUP
LOAD /opt/st/stm32cubeide_1.10.1/plugins/com.st.stm32cube.ide.mcu.externaltools.gnu-tools-for-stm32.10.3-2021.10.linux64_1.0.0.202111181127/tools/bin/../lib/gcc/arm-none-eabi/10.3.1/thumb/v7-m/nofp/libgcc.a
LOAD /opt/st/stm32cubeide_1.10.1/plugins/com.st.stm32cube.ide.mcu.externaltools.gnu-tools-for-stm32.10.3-2021.10.linux64_1.0.0.202111181127/tools/bin/../lib/gcc/arm-none-eabi/10.3.1/../../../../arm-none-eabi/lib/thumb/v7-m/nofp/libc_nano.a
END GROUP
START GROUP
LOAD /opt/st/stm32cubeide_1.10.1/plugins/com.st.stm32cube.ide.mcu.externaltools.gnu-tools-for-stm32.10.3-2021.10.linux64_1.0.0.202111181127/tools/bin/../lib/gcc/arm-none-eabi/10.3.1/thumb/v7-m/nofp/libgcc.a
LOAD /opt/st/stm32cubeide_1.10.1/plugins/com.st.stm32cube.ide.mcu.externaltools.gnu-tools-for-stm32.10.3-2021.10.linux64_1.0.0.202111181127/tools/bin/../lib/gcc/arm-none-eabi/10.3.1/../../../../arm-none-eabi/lib/thumb/v7-m/nofp/libc_nano.a
LOAD /opt/st/stm32cubeide_1.10.1/plugins/com.st.stm32cube.ide.mcu.externaltools.gnu-tools-for-stm32.10.3-2021.10.linux64_1.0.0.202111181127/tools/bin/../lib/gcc/arm-none-eabi/10.3.1/../../../../arm-none-eabi/lib/thumb/v7-m/nofp/libnosys.a
END GROUP
START GROUP
LOAD /opt/st/stm32cubeide_1.10.1/plugins/com.st.stm32cube.ide.mcu.externaltools.gnu-tools-for-stm32.10.3-2021.10.linux64_1.0.0.202111181127/tools/bin/../lib/gcc/arm-none-eabi/10.3.1/thumb/v7-m/nofp/libgcc.a
LOAD /opt/st/stm32cubeide_1.10.1/plugins/com.st.stm32cube.ide.mcu.externaltools.gnu-tools-for-stm32.10.3-2021.10.linux64_1.0.0.202111181127/tools/bin/../lib/gcc/arm-none-eabi/10.3.1/../../../../arm-none-eabi/lib/thumb/v7-m/nofp/libc_nano.a
LOAD /opt/st/stm32cubeide_1.10.1/plugins/com.st.stm32cube.ide.mcu.externaltools.gnu-tools-for-stm32.10.3-2021.10.linux64_1.0.0.202111181127/tools/bin/../lib/gcc/arm-none-eabi/10.3.1/../../../../arm-none-eabi/lib/thumb/v7-m/nofp/libnosys.a
END GROUP
LOAD /opt/st/stm32cubeide_1.10.1/plugins/com.st.stm32cube.ide.mcu.externaltools.gnu-tools-for-stm32.10.3-2021.10.linux64_1.0.0.202111181127/tools/bin/../lib/gcc/arm-none-eabi/10.3.1/thumb/v7-m/nofp/crtend.o
LOAD /opt/st/stm32cubeide_1.10.1/plugins/com.st.stm32cube.ide.mcu.externaltools.gnu-tools-for-stm32.10.3-2021.10.linux64_1.0.0.202111181127/tools/bin/../lib/gcc/arm-none-eabi/10.3.1/thumb/v7-m/nofp/crtn.o
                0x0000000020005000                _estack = (ORIGIN (RAM) + LENGTH (RAM))
                0x0000000000000200                _Min_Heap_Size = 0x200
                0x0000000000000400                _Min_Stack_Size = 0x400

.isr_vector     0x0000000008000000      0x10c
                0x0000000008000000                . = ALIGN (0x4)
 *(.isr_vector)
 .isr_vector    0x0000000008000000      0x10c ./Core/Startup/startup_stm32f103c8tx.o
                0x0000000008000000                g_pfnVectors
                0x000000000800010c                . = ALIGN (0x4)

.text           0x000000000800010c     0x35d4
                0x000000000800010c                . = ALIGN (0x4)
 *(.text)
 .text          0x000000000800010c       0x40 /opt/st/stm32cubeide_1.10.1/plugins/com.st.stm32cube.ide.mcu.externaltools.gnu-tools-for-stm32.10.3-2021.10.linux64_1.0.0.202111181127/tools/bin/../lib/gcc/arm-none-eabi/10.3.1/thumb/v7-m/nofp/crtbegin.o
 *(.text*)
 .text.MX_ADC1_Init
                0x000000000800014c       0xa0 ./Core/Src/adc.o
                0x000000000800014c                MX_ADC1_Init
 .text.HAL_ADC_MspInit
                0x00000000080001ec       0xd4 ./Core/Src/adc.o
                0x00000000080001ec                HAL_ADC_MspInit
 .text.MX_CAN_Init
                0x00000000080002c0       0xa8 ./Core/Src/can.o
                0x00000000080002c0                MX_CAN_Init
 .text.HAL_CAN_MspInit
                0x0000000008000368       0xd0 ./Core/Src/can.o
                0x0000000008000368                HAL_CAN_MspInit
 .text.MX_DMA_Init
                0x0000000008000438       0x3c ./Core/Src/dma.o
                0x0000000008000438                MX_DMA_Init
 .text.MX_GPIO_Init
                0x0000000008000474      0x100 ./Core/Src/gpio.o
                0x0000000008000474                MX_GPIO_Init
 .text.HAL_CAN_RxFifo1MsgPendingCallback
                0x0000000008000574       0x5c ./Core/Src/main.o
                0x0000000008000574                HAL_CAN_RxFifo1MsgPendingCallback
 .text.encoder  0x00000000080005d0      0x1dc ./Core/Src/main.o
                0x00000000080005d0                encoder
 .text.main     0x00000000080007ac       0xfc ./Core/Src/main.o
                0x00000000080007ac                main
 .text.SystemClock_Config
                0x00000000080008a8       0xb6 ./Core/Src/main.o
                0x00000000080008a8                SystemClock_Config
 .text.HAL_ADC_ConvCpltCallback
                0x000000000800095e       0x12 ./Core/Src/main.o
                0x000000000800095e                HAL_ADC_ConvCpltCallback
 .text.HAL_GPIO_EXTI_Callback
                0x0000000008000970       0xb0 ./Core/Src/main.o
                0x0000000008000970                HAL_GPIO_EXTI_Callback
 .text.Error_Handler
                0x0000000008000a20        0xa ./Core/Src/main.o
                0x0000000008000a20                Error_Handler
 *fill*         0x0000000008000a2a        0x2 
 .text.HAL_MspInit
                0x0000000008000a2c       0x64 ./Core/Src/stm32f1xx_hal_msp.o
                0x0000000008000a2c                HAL_MspInit
 .text.NMI_Handler
                0x0000000008000a90        0x6 ./Core/Src/stm32f1xx_it.o
                0x0000000008000a90                NMI_Handler
 .text.HardFault_Handler
                0x0000000008000a96        0x6 ./Core/Src/stm32f1xx_it.o
                0x0000000008000a96                HardFault_Handler
 .text.MemManage_Handler
                0x0000000008000a9c        0x6 ./Core/Src/stm32f1xx_it.o
                0x0000000008000a9c                MemManage_Handler
 .text.BusFault_Handler
                0x0000000008000aa2        0x6 ./Core/Src/stm32f1xx_it.o
                0x0000000008000aa2                BusFault_Handler
 .text.UsageFault_Handler
                0x0000000008000aa8        0x6 ./Core/Src/stm32f1xx_it.o
                0x0000000008000aa8                UsageFault_Handler
 .text.SVC_Handler
                0x0000000008000aae        0xc ./Core/Src/stm32f1xx_it.o
                0x0000000008000aae                SVC_Handler
 .text.DebugMon_Handler
                0x0000000008000aba        0xc ./Core/Src/stm32f1xx_it.o
                0x0000000008000aba                DebugMon_Handler
 .text.PendSV_Handler
                0x0000000008000ac6        0xc ./Core/Src/stm32f1xx_it.o
                0x0000000008000ac6                PendSV_Handler
 .text.SysTick_Handler
                0x0000000008000ad2        0xc ./Core/Src/stm32f1xx_it.o
                0x0000000008000ad2                SysTick_Handler
 .text.EXTI0_IRQHandler
                0x0000000008000ade        0xe ./Core/Src/stm32f1xx_it.o
                0x0000000008000ade                EXTI0_IRQHandler
 .text.EXTI1_IRQHandler
                0x0000000008000aec        0xe ./Core/Src/stm32f1xx_it.o
                0x0000000008000aec                EXTI1_IRQHandler
 *fill*         0x0000000008000afa        0x2 
 .text.DMA1_Channel1_IRQHandler
                0x0000000008000afc       0x14 ./Core/Src/stm32f1xx_it.o
                0x0000000008000afc                DMA1_Channel1_IRQHandler
 .text.CAN1_RX1_IRQHandler
                0x0000000008000b10       0x14 ./Core/Src/stm32f1xx_it.o
                0x0000000008000b10                CAN1_RX1_IRQHandler
 .text.EXTI9_5_IRQHandler
                0x0000000008000b24       0x24 ./Core/Src/stm32f1xx_it.o
                0x0000000008000b24                EXTI9_5_IRQHandler
 .text.SystemInit
                0x0000000008000b48        0xc ./Core/Src/system_stm32f1xx.o
                0x0000000008000b48                SystemInit
 .text.Reset_Handler
                0x0000000008000b54       0x48 ./Core/Startup/startup_stm32f103c8tx.o
                0x0000000008000b54                Reset_Handler
 .text.Default_Handler
                0x0000000008000b9c        0x2 ./Core/Startup/startup_stm32f103c8tx.o
                0x0000000008000b9c                RTC_Alarm_IRQHandler
                0x0000000008000b9c                EXTI2_IRQHandler
                0x0000000008000b9c                TIM1_CC_IRQHandler
                0x0000000008000b9c                PVD_IRQHandler
                0x0000000008000b9c                EXTI3_IRQHandler
                0x0000000008000b9c                I2C2_EV_IRQHandler
                0x0000000008000b9c                ADC1_2_IRQHandler
                0x0000000008000b9c                SPI1_IRQHandler
                0x0000000008000b9c                TAMPER_IRQHandler
                0x0000000008000b9c                DMA1_Channel4_IRQHandler
                0x0000000008000b9c                USART3_IRQHandler
                0x0000000008000b9c                RTC_IRQHandler
                0x0000000008000b9c                DMA1_Channel7_IRQHandler
                0x0000000008000b9c                TIM4_IRQHandler
                0x0000000008000b9c                I2C1_EV_IRQHandler
                0x0000000008000b9c                DMA1_Channel6_IRQHandler
                0x0000000008000b9c                TIM3_IRQHandler
                0x0000000008000b9c                RCC_IRQHandler
                0x0000000008000b9c                TIM1_TRG_COM_IRQHandler
                0x0000000008000b9c                Default_Handler
                0x0000000008000b9c                EXTI15_10_IRQHandler
                0x0000000008000b9c                SPI2_IRQHandler
                0x0000000008000b9c                DMA1_Channel5_IRQHandler
                0x0000000008000b9c                EXTI4_IRQHandler
                0x0000000008000b9c                USB_LP_CAN1_RX0_IRQHandler
                0x0000000008000b9c                USB_HP_CAN1_TX_IRQHandler
                0x0000000008000b9c                DMA1_Channel3_IRQHandler
                0x0000000008000b9c                TIM1_UP_IRQHandler
                0x0000000008000b9c                WWDG_IRQHandler
                0x0000000008000b9c                TIM2_IRQHandler
                0x0000000008000b9c                TIM1_BRK_IRQHandler
                0x0000000008000b9c                USART2_IRQHandler
                0x0000000008000b9c                I2C2_ER_IRQHandler
                0x0000000008000b9c                DMA1_Channel2_IRQHandler
                0x0000000008000b9c                CAN1_SCE_IRQHandler
                0x0000000008000b9c                FLASH_IRQHandler
                0x0000000008000b9c                USART1_IRQHandler
                0x0000000008000b9c                I2C1_ER_IRQHandler
                0x0000000008000b9c                USBWakeUp_IRQHandler
 *fill*         0x0000000008000b9e        0x2 
 .text.HAL_Init
                0x0000000008000ba0       0x2c ./Drivers/STM32F1xx_HAL_Driver/Src/stm32f1xx_hal.o
                0x0000000008000ba0                HAL_Init
 .text.HAL_InitTick
                0x0000000008000bcc       0x60 ./Drivers/STM32F1xx_HAL_Driver/Src/stm32f1xx_hal.o
                0x0000000008000bcc                HAL_InitTick
 .text.HAL_IncTick
                0x0000000008000c2c       0x24 ./Drivers/STM32F1xx_HAL_Driver/Src/stm32f1xx_hal.o
                0x0000000008000c2c                HAL_IncTick
 .text.HAL_GetTick
                0x0000000008000c50       0x14 ./Drivers/STM32F1xx_HAL_Driver/Src/stm32f1xx_hal.o
                0x0000000008000c50                HAL_GetTick
 .text.HAL_ADC_Init
                0x0000000008000c64      0x1b0 ./Drivers/STM32F1xx_HAL_Driver/Src/stm32f1xx_hal_adc.o
                0x0000000008000c64                HAL_ADC_Init
 .text.HAL_ADC_Start_DMA
                0x0000000008000e14      0x1bc ./Drivers/STM32F1xx_HAL_Driver/Src/stm32f1xx_hal_adc.o
                0x0000000008000e14                HAL_ADC_Start_DMA
 .text.HAL_ADC_ConvHalfCpltCallback
                0x0000000008000fd0       0x12 ./Drivers/STM32F1xx_HAL_Driver/Src/stm32f1xx_hal_adc.o
                0x0000000008000fd0                HAL_ADC_ConvHalfCpltCallback
 .text.HAL_ADC_ErrorCallback
                0x0000000008000fe2       0x12 ./Drivers/STM32F1xx_HAL_Driver/Src/stm32f1xx_hal_adc.o
                0x0000000008000fe2                HAL_ADC_ErrorCallback
 .text.HAL_ADC_ConfigChannel
                0x0000000008000ff4      0x1f0 ./Drivers/STM32F1xx_HAL_Driver/Src/stm32f1xx_hal_adc.o
                0x0000000008000ff4                HAL_ADC_ConfigChannel
 .text.ADC_Enable
                0x00000000080011e4       0xb4 ./Drivers/STM32F1xx_HAL_Driver/Src/stm32f1xx_hal_adc.o
                0x00000000080011e4                ADC_Enable
 .text.ADC_ConversionStop_Disable
                0x0000000008001298       0x82 ./Drivers/STM32F1xx_HAL_Driver/Src/stm32f1xx_hal_adc.o
                0x0000000008001298                ADC_ConversionStop_Disable
 .text.ADC_DMAConvCplt
                0x000000000800131a       0x7c ./Drivers/STM32F1xx_HAL_Driver/Src/stm32f1xx_hal_adc.o
                0x000000000800131a                ADC_DMAConvCplt
 .text.ADC_DMAHalfConvCplt
                0x0000000008001396       0x1c ./Drivers/STM32F1xx_HAL_Driver/Src/stm32f1xx_hal_adc.o
                0x0000000008001396                ADC_DMAHalfConvCplt
 .text.ADC_DMAError
                0x00000000080013b2       0x34 ./Drivers/STM32F1xx_HAL_Driver/Src/stm32f1xx_hal_adc.o
                0x00000000080013b2                ADC_DMAError
 *fill*         0x00000000080013e6        0x2 
 .text.HAL_ADCEx_Calibration_Start
                0x00000000080013e8      0x158 ./Drivers/STM32F1xx_HAL_Driver/Src/stm32f1xx_hal_adc_ex.o
                0x00000000080013e8                HAL_ADCEx_Calibration_Start
 .text.HAL_CAN_Init
                0x0000000008001540      0x1f6 ./Drivers/STM32F1xx_HAL_Driver/Src/stm32f1xx_hal_can.o
                0x0000000008001540                HAL_CAN_Init
 .text.HAL_CAN_ConfigFilter
                0x0000000008001736      0x192 ./Drivers/STM32F1xx_HAL_Driver/Src/stm32f1xx_hal_can.o
                0x0000000008001736                HAL_CAN_ConfigFilter
 .text.HAL_CAN_Start
                0x00000000080018c8       0x88 ./Drivers/STM32F1xx_HAL_Driver/Src/stm32f1xx_hal_can.o
                0x00000000080018c8                HAL_CAN_Start
 .text.HAL_CAN_AddTxMessage
                0x0000000008001950      0x1b4 ./Drivers/STM32F1xx_HAL_Driver/Src/stm32f1xx_hal_can.o
                0x0000000008001950                HAL_CAN_AddTxMessage
 .text.HAL_CAN_GetRxMessage
                0x0000000008001b04      0x222 ./Drivers/STM32F1xx_HAL_Driver/Src/stm32f1xx_hal_can.o
                0x0000000008001b04                HAL_CAN_GetRxMessage
 .text.HAL_CAN_ActivateNotification
                0x0000000008001d26       0x4a ./Drivers/STM32F1xx_HAL_Driver/Src/stm32f1xx_hal_can.o
                0x0000000008001d26                HAL_CAN_ActivateNotification
 .text.HAL_CAN_IRQHandler
                0x0000000008001d70      0x36e ./Drivers/STM32F1xx_HAL_Driver/Src/stm32f1xx_hal_can.o
                0x0000000008001d70                HAL_CAN_IRQHandler
 .text.HAL_CAN_TxMailbox0CompleteCallback
                0x00000000080020de       0x12 ./Drivers/STM32F1xx_HAL_Driver/Src/stm32f1xx_hal_can.o
                0x00000000080020de                HAL_CAN_TxMailbox0CompleteCallback
 .text.HAL_CAN_TxMailbox1CompleteCallback
                0x00000000080020f0       0x12 ./Drivers/STM32F1xx_HAL_Driver/Src/stm32f1xx_hal_can.o
                0x00000000080020f0                HAL_CAN_TxMailbox1CompleteCallback
 .text.HAL_CAN_TxMailbox2CompleteCallback
                0x0000000008002102       0x12 ./Drivers/STM32F1xx_HAL_Driver/Src/stm32f1xx_hal_can.o
                0x0000000008002102                HAL_CAN_TxMailbox2CompleteCallback
 .text.HAL_CAN_TxMailbox0AbortCallback
                0x0000000008002114       0x12 ./Drivers/STM32F1xx_HAL_Driver/Src/stm32f1xx_hal_can.o
                0x0000000008002114                HAL_CAN_TxMailbox0AbortCallback
 .text.HAL_CAN_TxMailbox1AbortCallback
                0x0000000008002126       0x12 ./Drivers/STM32F1xx_HAL_Driver/Src/stm32f1xx_hal_can.o
                0x0000000008002126                HAL_CAN_TxMailbox1AbortCallback
 .text.HAL_CAN_TxMailbox2AbortCallback
                0x0000000008002138       0x12 ./Drivers/STM32F1xx_HAL_Driver/Src/stm32f1xx_hal_can.o
                0x0000000008002138                HAL_CAN_TxMailbox2AbortCallback
 .text.HAL_CAN_RxFifo0MsgPendingCallback
                0x000000000800214a       0x12 ./Drivers/STM32F1xx_HAL_Driver/Src/stm32f1xx_hal_can.o
                0x000000000800214a                HAL_CAN_RxFifo0MsgPendingCallback
 .text.HAL_CAN_RxFifo0FullCallback
                0x000000000800215c       0x12 ./Drivers/STM32F1xx_HAL_Driver/Src/stm32f1xx_hal_can.o
                0x000000000800215c                HAL_CAN_RxFifo0FullCallback
 .text.HAL_CAN_RxFifo1FullCallback
                0x000000000800216e       0x12 ./Drivers/STM32F1xx_HAL_Driver/Src/stm32f1xx_hal_can.o
                0x000000000800216e                HAL_CAN_RxFifo1FullCallback
 .text.HAL_CAN_SleepCallback
                0x0000000008002180       0x12 ./Drivers/STM32F1xx_HAL_Driver/Src/stm32f1xx_hal_can.o
                0x0000000008002180                HAL_CAN_SleepCallback
 .text.HAL_CAN_WakeUpFromRxMsgCallback
                0x0000000008002192       0x12 ./Drivers/STM32F1xx_HAL_Driver/Src/stm32f1xx_hal_can.o
                0x0000000008002192                HAL_CAN_WakeUpFromRxMsgCallback
 .text.HAL_CAN_ErrorCallback
                0x00000000080021a4       0x12 ./Drivers/STM32F1xx_HAL_Driver/Src/stm32f1xx_hal_can.o
                0x00000000080021a4                HAL_CAN_ErrorCallback
 *fill*         0x00000000080021b6        0x2 
 .text.__NVIC_SetPriorityGrouping
                0x00000000080021b8       0x48 ./Drivers/STM32F1xx_HAL_Driver/Src/stm32f1xx_hal_cortex.o
 .text.__NVIC_GetPriorityGrouping
                0x0000000008002200       0x1c ./Drivers/STM32F1xx_HAL_Driver/Src/stm32f1xx_hal_cortex.o
 .text.__NVIC_EnableIRQ
                0x000000000800221c       0x38 ./Drivers/STM32F1xx_HAL_Driver/Src/stm32f1xx_hal_cortex.o
 .text.__NVIC_SetPriority
                0x0000000008002254       0x54 ./Drivers/STM32F1xx_HAL_Driver/Src/stm32f1xx_hal_cortex.o
 .text.NVIC_EncodePriority
                0x00000000080022a8       0x64 ./Drivers/STM32F1xx_HAL_Driver/Src/stm32f1xx_hal_cortex.o
 .text.SysTick_Config
                0x000000000800230c       0x44 ./Drivers/STM32F1xx_HAL_Driver/Src/stm32f1xx_hal_cortex.o
 .text.HAL_NVIC_SetPriorityGrouping
                0x0000000008002350       0x16 ./Drivers/STM32F1xx_HAL_Driver/Src/stm32f1xx_hal_cortex.o
                0x0000000008002350                HAL_NVIC_SetPriorityGrouping
 .text.HAL_NVIC_SetPriority
                0x0000000008002366       0x38 ./Drivers/STM32F1xx_HAL_Driver/Src/stm32f1xx_hal_cortex.o
                0x0000000008002366                HAL_NVIC_SetPriority
 .text.HAL_NVIC_EnableIRQ
                0x000000000800239e       0x1c ./Drivers/STM32F1xx_HAL_Driver/Src/stm32f1xx_hal_cortex.o
                0x000000000800239e                HAL_NVIC_EnableIRQ
 .text.HAL_SYSTICK_Config
                0x00000000080023ba       0x18 ./Drivers/STM32F1xx_HAL_Driver/Src/stm32f1xx_hal_cortex.o
                0x00000000080023ba                HAL_SYSTICK_Config
 *fill*         0x00000000080023d2        0x2 
 .text.HAL_DMA_Init
                0x00000000080023d4       0xb4 ./Drivers/STM32F1xx_HAL_Driver/Src/stm32f1xx_hal_dma.o
                0x00000000080023d4                HAL_DMA_Init
 .text.HAL_DMA_Start_IT
                0x0000000008002488       0xbe ./Drivers/STM32F1xx_HAL_Driver/Src/stm32f1xx_hal_dma.o
                0x0000000008002488                HAL_DMA_Start_IT
 *fill*         0x0000000008002546        0x2 
 .text.HAL_DMA_IRQHandler
                0x0000000008002548      0x20c ./Drivers/STM32F1xx_HAL_Driver/Src/stm32f1xx_hal_dma.o
                0x0000000008002548                HAL_DMA_IRQHandler
 .text.DMA_SetConfig
                0x0000000008002754       0x5a ./Drivers/STM32F1xx_HAL_Driver/Src/stm32f1xx_hal_dma.o
 *fill*         0x00000000080027ae        0x2 
 .text.HAL_GPIO_Init
                0x00000000080027b0      0x308 ./Drivers/STM32F1xx_HAL_Driver/Src/stm32f1xx_hal_gpio.o
                0x00000000080027b0                HAL_GPIO_Init
 .text.HAL_GPIO_ReadPin
                0x0000000008002ab8       0x2e ./Drivers/STM32F1xx_HAL_Driver/Src/stm32f1xx_hal_gpio.o
                0x0000000008002ab8                HAL_GPIO_ReadPin
 .text.HAL_GPIO_WritePin
                0x0000000008002ae6       0x30 ./Drivers/STM32F1xx_HAL_Driver/Src/stm32f1xx_hal_gpio.o
                0x0000000008002ae6                HAL_GPIO_WritePin
 .text.HAL_GPIO_TogglePin
                0x0000000008002b16       0x32 ./Drivers/STM32F1xx_HAL_Driver/Src/stm32f1xx_hal_gpio.o
                0x0000000008002b16                HAL_GPIO_TogglePin
 .text.HAL_GPIO_EXTI_IRQHandler
                0x0000000008002b48       0x30 ./Drivers/STM32F1xx_HAL_Driver/Src/stm32f1xx_hal_gpio.o
                0x0000000008002b48                HAL_GPIO_EXTI_IRQHandler
 .text.HAL_RCC_OscConfig
                0x0000000008002b78      0x504 ./Drivers/STM32F1xx_HAL_Driver/Src/stm32f1xx_hal_rcc.o
                0x0000000008002b78                HAL_RCC_OscConfig
 .text.HAL_RCC_ClockConfig
                0x000000000800307c      0x1d4 ./Drivers/STM32F1xx_HAL_Driver/Src/stm32f1xx_hal_rcc.o
                0x000000000800307c                HAL_RCC_ClockConfig
 .text.HAL_RCC_GetSysClockFreq
                0x0000000008003250       0xbc ./Drivers/STM32F1xx_HAL_Driver/Src/stm32f1xx_hal_rcc.o
                0x0000000008003250                HAL_RCC_GetSysClockFreq
 .text.HAL_RCC_GetHCLKFreq
                0x000000000800330c       0x14 ./Drivers/STM32F1xx_HAL_Driver/Src/stm32f1xx_hal_rcc.o
                0x000000000800330c                HAL_RCC_GetHCLKFreq
 .text.HAL_RCC_GetPCLK2Freq
                0x0000000008003320       0x28 ./Drivers/STM32F1xx_HAL_Driver/Src/stm32f1xx_hal_rcc.o
                0x0000000008003320                HAL_RCC_GetPCLK2Freq
 .text.RCC_Delay
                0x0000000008003348       0x3c ./Drivers/STM32F1xx_HAL_Driver/Src/stm32f1xx_hal_rcc.o
 .text.HAL_RCCEx_PeriphCLKConfig
                0x0000000008003384      0x16c ./Drivers/STM32F1xx_HAL_Driver/Src/stm32f1xx_hal_rcc_ex.o
                0x0000000008003384                HAL_RCCEx_PeriphCLKConfig
 .text.HAL_RCCEx_GetPeriphCLKFreq
                0x00000000080034f0      0x180 ./Drivers/STM32F1xx_HAL_Driver/Src/stm32f1xx_hal_rcc_ex.o
                0x00000000080034f0                HAL_RCCEx_GetPeriphCLKFreq
 .text.__libc_init_array
                0x0000000008003670       0x48 /opt/st/stm32cubeide_1.10.1/plugins/com.st.stm32cube.ide.mcu.externaltools.gnu-tools-for-stm32.10.3-2021.10.linux64_1.0.0.202111181127/tools/bin/../lib/gcc/arm-none-eabi/10.3.1/../../../../arm-none-eabi/lib/thumb/v7-m/nofp/libc_nano.a(lib_a-init.o)
                0x0000000008003670                __libc_init_array
 .text.memset   0x00000000080036b8       0x10 /opt/st/stm32cubeide_1.10.1/plugins/com.st.stm32cube.ide.mcu.externaltools.gnu-tools-for-stm32.10.3-2021.10.linux64_1.0.0.202111181127/tools/bin/../lib/gcc/arm-none-eabi/10.3.1/../../../../arm-none-eabi/lib/thumb/v7-m/nofp/libc_nano.a(lib_a-memset.o)
                0x00000000080036b8                memset
 *(.glue_7)
 .glue_7        0x00000000080036c8        0x0 linker stubs
 *(.glue_7t)
 .glue_7t       0x00000000080036c8        0x0 linker stubs
 *(.eh_frame)
 .eh_frame      0x00000000080036c8        0x0 /opt/st/stm32cubeide_1.10.1/plugins/com.st.stm32cube.ide.mcu.externaltools.gnu-tools-for-stm32.10.3-2021.10.linux64_1.0.0.202111181127/tools/bin/../lib/gcc/arm-none-eabi/10.3.1/thumb/v7-m/nofp/crtbegin.o
 *(.init)
 .init          0x00000000080036c8        0x4 /opt/st/stm32cubeide_1.10.1/plugins/com.st.stm32cube.ide.mcu.externaltools.gnu-tools-for-stm32.10.3-2021.10.linux64_1.0.0.202111181127/tools/bin/../lib/gcc/arm-none-eabi/10.3.1/thumb/v7-m/nofp/crti.o
                0x00000000080036c8                _init
 .init          0x00000000080036cc        0x8 /opt/st/stm32cubeide_1.10.1/plugins/com.st.stm32cube.ide.mcu.externaltools.gnu-tools-for-stm32.10.3-2021.10.linux64_1.0.0.202111181127/tools/bin/../lib/gcc/arm-none-eabi/10.3.1/thumb/v7-m/nofp/crtn.o
 *(.fini)
 .fini          0x00000000080036d4        0x4 /opt/st/stm32cubeide_1.10.1/plugins/com.st.stm32cube.ide.mcu.externaltools.gnu-tools-for-stm32.10.3-2021.10.linux64_1.0.0.202111181127/tools/bin/../lib/gcc/arm-none-eabi/10.3.1/thumb/v7-m/nofp/crti.o
                0x00000000080036d4                _fini
 .fini          0x00000000080036d8        0x8 /opt/st/stm32cubeide_1.10.1/plugins/com.st.stm32cube.ide.mcu.externaltools.gnu-tools-for-stm32.10.3-2021.10.linux64_1.0.0.202111181127/tools/bin/../lib/gcc/arm-none-eabi/10.3.1/thumb/v7-m/nofp/crtn.o
                0x00000000080036e0                . = ALIGN (0x4)
                0x00000000080036e0                _etext = .

.vfp11_veneer   0x00000000080036e0        0x0
 .vfp11_veneer  0x00000000080036e0        0x0 linker stubs

.v4_bx          0x00000000080036e0        0x0
 .v4_bx         0x00000000080036e0        0x0 linker stubs

.iplt           0x00000000080036e0        0x0
 .iplt          0x00000000080036e0        0x0 /opt/st/stm32cubeide_1.10.1/plugins/com.st.stm32cube.ide.mcu.externaltools.gnu-tools-for-stm32.10.3-2021.10.linux64_1.0.0.202111181127/tools/bin/../lib/gcc/arm-none-eabi/10.3.1/thumb/v7-m/nofp/crtbegin.o

.rodata         0x00000000080036e0       0x38
                0x00000000080036e0                . = ALIGN (0x4)
 *(.rodata)
 .rodata        0x00000000080036e0       0x10 ./Drivers/STM32F1xx_HAL_Driver/Src/stm32f1xx_hal_rcc.o
 .rodata        0x00000000080036f0       0x10 ./Drivers/STM32F1xx_HAL_Driver/Src/stm32f1xx_hal_rcc_ex.o
 *(.rodata*)
 .rodata.AHBPrescTable
                0x0000000008003700       0x10 ./Core/Src/system_stm32f1xx.o
                0x0000000008003700                AHBPrescTable
 .rodata.APBPrescTable
                0x0000000008003710        0x8 ./Core/Src/system_stm32f1xx.o
                0x0000000008003710                APBPrescTable
                0x0000000008003718                . = ALIGN (0x4)

.rel.dyn        0x0000000008003718        0x0
 .rel.iplt      0x0000000008003718        0x0 /opt/st/stm32cubeide_1.10.1/plugins/com.st.stm32cube.ide.mcu.externaltools.gnu-tools-for-stm32.10.3-2021.10.linux64_1.0.0.202111181127/tools/bin/../lib/gcc/arm-none-eabi/10.3.1/thumb/v7-m/nofp/crtbegin.o

.ARM.extab      0x0000000008003718        0x0
                0x0000000008003718                . = ALIGN (0x4)
 *(.ARM.extab* .gnu.linkonce.armextab.*)
                0x0000000008003718                . = ALIGN (0x4)

.ARM            0x0000000008003718        0x0
                0x0000000008003718                . = ALIGN (0x4)
                0x0000000008003718                __exidx_start = .
 *(.ARM.exidx*)
                0x0000000008003718                __exidx_end = .
                0x0000000008003718                . = ALIGN (0x4)

.preinit_array  0x0000000008003718        0x0
                0x0000000008003718                . = ALIGN (0x4)
                0x0000000008003718                PROVIDE (__preinit_array_start = .)
 *(.preinit_array*)
                0x0000000008003718                PROVIDE (__preinit_array_end = .)
                0x0000000008003718                . = ALIGN (0x4)

.init_array     0x0000000008003718        0x4
                0x0000000008003718                . = ALIGN (0x4)
                0x0000000008003718                PROVIDE (__init_array_start = .)
 *(SORT_BY_NAME(.init_array.*))
 *(.init_array*)
 .init_array    0x0000000008003718        0x4 /opt/st/stm32cubeide_1.10.1/plugins/com.st.stm32cube.ide.mcu.externaltools.gnu-tools-for-stm32.10.3-2021.10.linux64_1.0.0.202111181127/tools/bin/../lib/gcc/arm-none-eabi/10.3.1/thumb/v7-m/nofp/crtbegin.o
                0x000000000800371c                PROVIDE (__init_array_end = .)
                0x000000000800371c                . = ALIGN (0x4)

.fini_array     0x000000000800371c        0x4
                0x000000000800371c                . = ALIGN (0x4)
                [!provide]                        PROVIDE (__fini_array_start = .)
 *(SORT_BY_NAME(.fini_array.*))
 *(.fini_array*)
 .fini_array    0x000000000800371c        0x4 /opt/st/stm32cubeide_1.10.1/plugins/com.st.stm32cube.ide.mcu.externaltools.gnu-tools-for-stm32.10.3-2021.10.linux64_1.0.0.202111181127/tools/bin/../lib/gcc/arm-none-eabi/10.3.1/thumb/v7-m/nofp/crtbegin.o
                [!provide]                        PROVIDE (__fini_array_end = .)
                0x0000000008003720                . = ALIGN (0x4)
                0x0000000008003720                _sidata = LOADADDR (.data)

.data           0x0000000020000000        0xc load address 0x0000000008003720
                0x0000000020000000                . = ALIGN (0x4)
                0x0000000020000000                _sdata = .
 *(.data)
 *(.data*)
 .data.SystemCoreClock
                0x0000000020000000        0x4 ./Core/Src/system_stm32f1xx.o
                0x0000000020000000                SystemCoreClock
 .data.uwTickPrio
                0x0000000020000004        0x4 ./Drivers/STM32F1xx_HAL_Driver/Src/stm32f1xx_hal.o
                0x0000000020000004                uwTickPrio
 .data.uwTickFreq
                0x0000000020000008        0x1 ./Drivers/STM32F1xx_HAL_Driver/Src/stm32f1xx_hal.o
                0x0000000020000008                uwTickFreq
 *(.RamFunc)
 *(.RamFunc*)
                0x000000002000000c                . = ALIGN (0x4)
 *fill*         0x0000000020000009        0x3 
                0x000000002000000c                _edata = .

.igot.plt       0x000000002000000c        0x0 load address 0x000000000800372c
 .igot.plt      0x000000002000000c        0x0 /opt/st/stm32cubeide_1.10.1/plugins/com.st.stm32cube.ide.mcu.externaltools.gnu-tools-for-stm32.10.3-2021.10.linux64_1.0.0.202111181127/tools/bin/../lib/gcc/arm-none-eabi/10.3.1/thumb/v7-m/nofp/crtbegin.o
                0x000000002000000c                . = ALIGN (0x4)

.bss            0x000000002000000c      0x130 load address 0x000000000800372c
                0x000000002000000c                _sbss = .
                0x000000002000000c                __bss_start__ = _sbss
 *(.bss)
 .bss           0x000000002000000c       0x1c /opt/st/stm32cubeide_1.10.1/plugins/com.st.stm32cube.ide.mcu.externaltools.gnu-tools-for-stm32.10.3-2021.10.linux64_1.0.0.202111181127/tools/bin/../lib/gcc/arm-none-eabi/10.3.1/thumb/v7-m/nofp/crtbegin.o
 *(.bss*)
 .bss.hadc1     0x0000000020000028       0x30 ./Core/Src/adc.o
                0x0000000020000028                hadc1
 .bss.hdma_adc1
                0x0000000020000058       0x44 ./Core/Src/adc.o
                0x0000000020000058                hdma_adc1
 .bss.hcan      0x000000002000009c       0x28 ./Core/Src/can.o
                0x000000002000009c                hcan
 .bss.nowA      0x00000000200000c4        0x3 ./Core/Src/main.o
                0x00000000200000c4                nowA
 *fill*         0x00000000200000c7        0x1 
 .bss.nowB      0x00000000200000c8        0x3 ./Core/Src/main.o
                0x00000000200000c8                nowB
 *fill*         0x00000000200000cb        0x1 
 .bss.lastA     0x00000000200000cc        0x3 ./Core/Src/main.o
                0x00000000200000cc                lastA
 *fill*         0x00000000200000cf        0x1 
 .bss.lastB     0x00000000200000d0        0x3 ./Core/Src/main.o
                0x00000000200000d0                lastB
 *fill*         0x00000000200000d3        0x1 
 .bss.dir       0x00000000200000d4        0x3 ./Core/Src/main.o
                0x00000000200000d4                dir
 *fill*         0x00000000200000d7        0x1 
 .bss.cnt       0x00000000200000d8        0x6 ./Core/Src/main.o
                0x00000000200000d8                cnt
 *fill*         0x00000000200000de        0x2 
 .bss.Enc_count
                0x00000000200000e0        0x6 ./Core/Src/main.o
                0x00000000200000e0                Enc_count
 .bss.flag      0x00000000200000e6        0x1 ./Core/Src/main.o
                0x00000000200000e6                flag
 .bss.cntt      0x00000000200000e7        0x1 ./Core/Src/main.o
                0x00000000200000e7                cntt
 .bss.AD_RES    0x00000000200000e8        0x4 ./Core/Src/main.o
                0x00000000200000e8                AD_RES
 .bss.pub_adc   0x00000000200000ec        0x2 ./Core/Src/main.o
                0x00000000200000ec                pub_adc
 *fill*         0x00000000200000ee        0x2 
 .bss.RxHeader  0x00000000200000f0       0x1c ./Core/Src/main.o
                0x00000000200000f0                RxHeader
 .bss.RxData    0x000000002000010c        0x8 ./Core/Src/main.o
                0x000000002000010c                RxData
 .bss.TxHeader  0x0000000020000114       0x18 ./Core/Src/main.o
                0x0000000020000114                TxHeader
 .bss.TxData    0x000000002000012c        0x7 ./Core/Src/main.o
                0x000000002000012c                TxData
 *fill*         0x0000000020000133        0x1 
 .bss.TxMailbox
                0x0000000020000134        0x4 ./Core/Src/main.o
                0x0000000020000134                TxMailbox
 .bss.uwTick    0x0000000020000138        0x4 ./Drivers/STM32F1xx_HAL_Driver/Src/stm32f1xx_hal.o
                0x0000000020000138                uwTick
 *(COMMON)
                0x000000002000013c                . = ALIGN (0x4)
                0x000000002000013c                _ebss = .
                0x000000002000013c                __bss_end__ = _ebss

._user_heap_stack
                0x000000002000013c      0x604 load address 0x000000000800372c
                0x0000000020000140                . = ALIGN (0x8)
 *fill*         0x000000002000013c        0x4 
                [!provide]                        PROVIDE (end = .)
                0x0000000020000140                PROVIDE (_end = .)
                0x0000000020000340                . = (. + _Min_Heap_Size)
 *fill*         0x0000000020000140      0x200 
                0x0000000020000740                . = (. + _Min_Stack_Size)
 *fill*         0x0000000020000340      0x400 
                0x0000000020000740                . = ALIGN (0x8)

/DISCARD/
 libc.a(*)
 libm.a(*)
 libgcc.a(*)

.ARM.attributes
                0x0000000000000000       0x29
 *(.ARM.attributes)
 .ARM.attributes
                0x0000000000000000       0x1d /opt/st/stm32cubeide_1.10.1/plugins/com.st.stm32cube.ide.mcu.externaltools.gnu-tools-for-stm32.10.3-2021.10.linux64_1.0.0.202111181127/tools/bin/../lib/gcc/arm-none-eabi/10.3.1/thumb/v7-m/nofp/crti.o
 .ARM.attributes
                0x000000000000001d       0x2d /opt/st/stm32cubeide_1.10.1/plugins/com.st.stm32cube.ide.mcu.externaltools.gnu-tools-for-stm32.10.3-2021.10.linux64_1.0.0.202111181127/tools/bin/../lib/gcc/arm-none-eabi/10.3.1/thumb/v7-m/nofp/crtbegin.o
 .ARM.attributes
                0x000000000000004a       0x2d ./Core/Src/adc.o
 .ARM.attributes
                0x0000000000000077       0x2d ./Core/Src/can.o
 .ARM.attributes
                0x00000000000000a4       0x2d ./Core/Src/dma.o
 .ARM.attributes
                0x00000000000000d1       0x2d ./Core/Src/gpio.o
 .ARM.attributes
                0x00000000000000fe       0x2d ./Core/Src/main.o
 .ARM.attributes
                0x000000000000012b       0x2d ./Core/Src/stm32f1xx_hal_msp.o
 .ARM.attributes
                0x0000000000000158       0x2d ./Core/Src/stm32f1xx_it.o
 .ARM.attributes
                0x0000000000000185       0x2d ./Core/Src/system_stm32f1xx.o
 .ARM.attributes
                0x00000000000001b2       0x21 ./Core/Startup/startup_stm32f103c8tx.o
 .ARM.attributes
                0x00000000000001d3       0x2d ./Drivers/STM32F1xx_HAL_Driver/Src/stm32f1xx_hal.o
 .ARM.attributes
                0x0000000000000200       0x2d ./Drivers/STM32F1xx_HAL_Driver/Src/stm32f1xx_hal_adc.o
 .ARM.attributes
                0x000000000000022d       0x2d ./Drivers/STM32F1xx_HAL_Driver/Src/stm32f1xx_hal_adc_ex.o
 .ARM.attributes
                0x000000000000025a       0x2d ./Drivers/STM32F1xx_HAL_Driver/Src/stm32f1xx_hal_can.o
 .ARM.attributes
                0x0000000000000287       0x2d ./Drivers/STM32F1xx_HAL_Driver/Src/stm32f1xx_hal_cortex.o
 .ARM.attributes
                0x00000000000002b4       0x2d ./Drivers/STM32F1xx_HAL_Driver/Src/stm32f1xx_hal_dma.o
 .ARM.attributes
                0x00000000000002e1       0x2d ./Drivers/STM32F1xx_HAL_Driver/Src/stm32f1xx_hal_gpio.o
 .ARM.attributes
                0x000000000000030e       0x2d ./Drivers/STM32F1xx_HAL_Driver/Src/stm32f1xx_hal_rcc.o
 .ARM.attributes
                0x000000000000033b       0x2d ./Drivers/STM32F1xx_HAL_Driver/Src/stm32f1xx_hal_rcc_ex.o
 .ARM.attributes
                0x0000000000000368       0x2d /opt/st/stm32cubeide_1.10.1/plugins/com.st.stm32cube.ide.mcu.externaltools.gnu-tools-for-stm32.10.3-2021.10.linux64_1.0.0.202111181127/tools/bin/../lib/gcc/arm-none-eabi/10.3.1/../../../../arm-none-eabi/lib/thumb/v7-m/nofp/libc_nano.a(lib_a-init.o)
 .ARM.attributes
                0x0000000000000395       0x2d /opt/st/stm32cubeide_1.10.1/plugins/com.st.stm32cube.ide.mcu.externaltools.gnu-tools-for-stm32.10.3-2021.10.linux64_1.0.0.202111181127/tools/bin/../lib/gcc/arm-none-eabi/10.3.1/../../../../arm-none-eabi/lib/thumb/v7-m/nofp/libc_nano.a(lib_a-memset.o)
 .ARM.attributes
                0x00000000000003c2       0x1d /opt/st/stm32cubeide_1.10.1/plugins/com.st.stm32cube.ide.mcu.externaltools.gnu-tools-for-stm32.10.3-2021.10.linux64_1.0.0.202111181127/tools/bin/../lib/gcc/arm-none-eabi/10.3.1/thumb/v7-m/nofp/crtn.o
OUTPUT(test_external_encoder.elf elf32-littlearm)
LOAD linker stubs
LOAD /opt/st/stm32cubeide_1.10.1/plugins/com.st.stm32cube.ide.mcu.externaltools.gnu-tools-for-stm32.10.3-2021.10.linux64_1.0.0.202111181127/tools/bin/../lib/gcc/arm-none-eabi/10.3.1/../../../../arm-none-eabi/lib/thumb/v7-m/nofp/libc.a
LOAD /opt/st/stm32cubeide_1.10.1/plugins/com.st.stm32cube.ide.mcu.externaltools.gnu-tools-for-stm32.10.3-2021.10.linux64_1.0.0.202111181127/tools/bin/../lib/gcc/arm-none-eabi/10.3.1/../../../../arm-none-eabi/lib/thumb/v7-m/nofp/libm.a
LOAD /opt/st/stm32cubeide_1.10.1/plugins/com.st.stm32cube.ide.mcu.externaltools.gnu-tools-for-stm32.10.3-2021.10.linux64_1.0.0.202111181127/tools/bin/../lib/gcc/arm-none-eabi/10.3.1/thumb/v7-m/nofp/libgcc.a

.debug_info     0x0000000000000000     0x8b69
 .debug_info    0x0000000000000000      0x85f ./Core/Src/adc.o
 .debug_info    0x000000000000085f      0xa22 ./Core/Src/can.o
 .debug_info    0x0000000000001281      0x2e6 ./Core/Src/dma.o
 .debug_info    0x0000000000001567      0x48e ./Core/Src/gpio.o
 .debug_info    0x00000000000019f5     0x11f5 ./Core/Src/main.o
 .debug_info    0x0000000000002bea      0x210 ./Core/Src/stm32f1xx_hal_msp.o
 .debug_info    0x0000000000002dfa      0x808 ./Core/Src/stm32f1xx_it.o
 .debug_info    0x0000000000003602      0x23d ./Core/Src/system_stm32f1xx.o
 .debug_info    0x000000000000383f       0x22 ./Core/Startup/startup_stm32f103c8tx.o
 .debug_info    0x0000000000003861      0x734 ./Drivers/STM32F1xx_HAL_Driver/Src/stm32f1xx_hal.o
 .debug_info    0x0000000000003f95      0xcd9 ./Drivers/STM32F1xx_HAL_Driver/Src/stm32f1xx_hal_adc.o
 .debug_info    0x0000000000004c6e      0xa8f ./Drivers/STM32F1xx_HAL_Driver/Src/stm32f1xx_hal_adc_ex.o
 .debug_info    0x00000000000056fd      0xfb8 ./Drivers/STM32F1xx_HAL_Driver/Src/stm32f1xx_hal_can.o
 .debug_info    0x00000000000066b5      0xb20 ./Drivers/STM32F1xx_HAL_Driver/Src/stm32f1xx_hal_cortex.o
 .debug_info    0x00000000000071d5      0x73f ./Drivers/STM32F1xx_HAL_Driver/Src/stm32f1xx_hal_dma.o
 .debug_info    0x0000000000007914      0x615 ./Drivers/STM32F1xx_HAL_Driver/Src/stm32f1xx_hal_gpio.o
 .debug_info    0x0000000000007f29      0x860 ./Drivers/STM32F1xx_HAL_Driver/Src/stm32f1xx_hal_rcc.o
 .debug_info    0x0000000000008789      0x3e0 ./Drivers/STM32F1xx_HAL_Driver/Src/stm32f1xx_hal_rcc_ex.o

.debug_abbrev   0x0000000000000000     0x20a6
 .debug_abbrev  0x0000000000000000      0x1e1 ./Core/Src/adc.o
 .debug_abbrev  0x00000000000001e1      0x230 ./Core/Src/can.o
 .debug_abbrev  0x0000000000000411       0xf8 ./Core/Src/dma.o
 .debug_abbrev  0x0000000000000509      0x152 ./Core/Src/gpio.o
 .debug_abbrev  0x000000000000065b      0x30b ./Core/Src/main.o
 .debug_abbrev  0x0000000000000966       0xd4 ./Core/Src/stm32f1xx_hal_msp.o
 .debug_abbrev  0x0000000000000a3a      0x1f3 ./Core/Src/stm32f1xx_it.o
 .debug_abbrev  0x0000000000000c2d      0x13b ./Core/Src/system_stm32f1xx.o
 .debug_abbrev  0x0000000000000d68       0x12 ./Core/Startup/startup_stm32f103c8tx.o
 .debug_abbrev  0x0000000000000d7a      0x1fb ./Drivers/STM32F1xx_HAL_Driver/Src/stm32f1xx_hal.o
 .debug_abbrev  0x0000000000000f75      0x210 ./Drivers/STM32F1xx_HAL_Driver/Src/stm32f1xx_hal_adc.o
 .debug_abbrev  0x0000000000001185      0x234 ./Drivers/STM32F1xx_HAL_Driver/Src/stm32f1xx_hal_adc_ex.o
 .debug_abbrev  0x00000000000013b9      0x21d ./Drivers/STM32F1xx_HAL_Driver/Src/stm32f1xx_hal_can.o
 .debug_abbrev  0x00000000000015d6      0x2ed ./Drivers/STM32F1xx_HAL_Driver/Src/stm32f1xx_hal_cortex.o
 .debug_abbrev  0x00000000000018c3      0x1fe ./Drivers/STM32F1xx_HAL_Driver/Src/stm32f1xx_hal_dma.o
 .debug_abbrev  0x0000000000001ac1      0x1bb ./Drivers/STM32F1xx_HAL_Driver/Src/stm32f1xx_hal_gpio.o
 .debug_abbrev  0x0000000000001c7c      0x2a8 ./Drivers/STM32F1xx_HAL_Driver/Src/stm32f1xx_hal_rcc.o
 .debug_abbrev  0x0000000000001f24      0x182 ./Drivers/STM32F1xx_HAL_Driver/Src/stm32f1xx_hal_rcc_ex.o

.debug_aranges  0x0000000000000000      0x810
 .debug_aranges
                0x0000000000000000       0x30 ./Core/Src/adc.o
 .debug_aranges
                0x0000000000000030       0x30 ./Core/Src/can.o
 .debug_aranges
                0x0000000000000060       0x20 ./Core/Src/dma.o
 .debug_aranges
                0x0000000000000080       0x20 ./Core/Src/gpio.o
 .debug_aranges
                0x00000000000000a0       0x58 ./Core/Src/main.o
 .debug_aranges
                0x00000000000000f8       0x20 ./Core/Src/stm32f1xx_hal_msp.o
 .debug_aranges
                0x0000000000000118       0x88 ./Core/Src/stm32f1xx_it.o
 .debug_aranges
                0x00000000000001a0       0x28 ./Core/Src/system_stm32f1xx.o
 .debug_aranges
                0x00000000000001c8       0x28 ./Core/Startup/startup_stm32f103c8tx.o
 .debug_aranges
                0x00000000000001f0       0xe0 ./Drivers/STM32F1xx_HAL_Driver/Src/stm32f1xx_hal.o
 .debug_aranges
                0x00000000000002d0       0xf0 ./Drivers/STM32F1xx_HAL_Driver/Src/stm32f1xx_hal_adc.o
 .debug_aranges
                0x00000000000003c0       0x80 ./Drivers/STM32F1xx_HAL_Driver/Src/stm32f1xx_hal_adc_ex.o
 .debug_aranges
                0x0000000000000440      0x138 ./Drivers/STM32F1xx_HAL_Driver/Src/stm32f1xx_hal_can.o
 .debug_aranges
                0x0000000000000578      0x100 ./Drivers/STM32F1xx_HAL_Driver/Src/stm32f1xx_hal_cortex.o
 .debug_aranges
                0x0000000000000678       0x80 ./Drivers/STM32F1xx_HAL_Driver/Src/stm32f1xx_hal_dma.o
 .debug_aranges
                0x00000000000006f8       0x58 ./Drivers/STM32F1xx_HAL_Driver/Src/stm32f1xx_hal_gpio.o
 .debug_aranges
                0x0000000000000750       0x90 ./Drivers/STM32F1xx_HAL_Driver/Src/stm32f1xx_hal_rcc.o
 .debug_aranges
                0x00000000000007e0       0x30 ./Drivers/STM32F1xx_HAL_Driver/Src/stm32f1xx_hal_rcc_ex.o

.debug_ranges   0x0000000000000000      0x6f8
 .debug_ranges  0x0000000000000000       0x20 ./Core/Src/adc.o
 .debug_ranges  0x0000000000000020       0x20 ./Core/Src/can.o
 .debug_ranges  0x0000000000000040       0x10 ./Core/Src/dma.o
 .debug_ranges  0x0000000000000050       0x10 ./Core/Src/gpio.o
 .debug_ranges  0x0000000000000060       0x48 ./Core/Src/main.o
 .debug_ranges  0x00000000000000a8       0x10 ./Core/Src/stm32f1xx_hal_msp.o
 .debug_ranges  0x00000000000000b8       0x78 ./Core/Src/stm32f1xx_it.o
 .debug_ranges  0x0000000000000130       0x18 ./Core/Src/system_stm32f1xx.o
 .debug_ranges  0x0000000000000148       0x20 ./Core/Startup/startup_stm32f103c8tx.o
 .debug_ranges  0x0000000000000168       0xd0 ./Drivers/STM32F1xx_HAL_Driver/Src/stm32f1xx_hal.o
 .debug_ranges  0x0000000000000238       0xe0 ./Drivers/STM32F1xx_HAL_Driver/Src/stm32f1xx_hal_adc.o
 .debug_ranges  0x0000000000000318       0x70 ./Drivers/STM32F1xx_HAL_Driver/Src/stm32f1xx_hal_adc_ex.o
 .debug_ranges  0x0000000000000388      0x128 ./Drivers/STM32F1xx_HAL_Driver/Src/stm32f1xx_hal_can.o
 .debug_ranges  0x00000000000004b0       0xf0 ./Drivers/STM32F1xx_HAL_Driver/Src/stm32f1xx_hal_cortex.o
 .debug_ranges  0x00000000000005a0       0x70 ./Drivers/STM32F1xx_HAL_Driver/Src/stm32f1xx_hal_dma.o
 .debug_ranges  0x0000000000000610       0x48 ./Drivers/STM32F1xx_HAL_Driver/Src/stm32f1xx_hal_gpio.o
 .debug_ranges  0x0000000000000658       0x80 ./Drivers/STM32F1xx_HAL_Driver/Src/stm32f1xx_hal_rcc.o
 .debug_ranges  0x00000000000006d8       0x20 ./Drivers/STM32F1xx_HAL_Driver/Src/stm32f1xx_hal_rcc_ex.o

.debug_macro    0x0000000000000000    0x173da
 .debug_macro   0x0000000000000000      0x1bb ./Core/Src/adc.o
 .debug_macro   0x00000000000001bb      0xa6c ./Core/Src/adc.o
 .debug_macro   0x0000000000000c27      0x221 ./Core/Src/adc.o
 .debug_macro   0x0000000000000e48       0x2e ./Core/Src/adc.o
 .debug_macro   0x0000000000000e76       0x22 ./Core/Src/adc.o
 .debug_macro   0x0000000000000e98       0x22 ./Core/Src/adc.o
 .debug_macro   0x0000000000000eba       0x8e ./Core/Src/adc.o
 .debug_macro   0x0000000000000f48       0x51 ./Core/Src/adc.o
 .debug_macro   0x0000000000000f99      0x103 ./Core/Src/adc.o
 .debug_macro   0x000000000000109c       0x6a ./Core/Src/adc.o
 .debug_macro   0x0000000000001106      0x1df ./Core/Src/adc.o
 .debug_macro   0x00000000000012e5       0x1c ./Core/Src/adc.o
 .debug_macro   0x0000000000001301       0x22 ./Core/Src/adc.o
 .debug_macro   0x0000000000001323       0xbd ./Core/Src/adc.o
 .debug_macro   0x00000000000013e0      0xd23 ./Core/Src/adc.o
 .debug_macro   0x0000000000002103     0xe09e ./Core/Src/adc.o
 .debug_macro   0x00000000000101a1       0x6d ./Core/Src/adc.o
 .debug_macro   0x000000000001020e     0x3468 ./Core/Src/adc.o
 .debug_macro   0x0000000000013676      0x174 ./Core/Src/adc.o
 .debug_macro   0x00000000000137ea       0x5c ./Core/Src/adc.o
 .debug_macro   0x0000000000013846      0x5be ./Core/Src/adc.o
 .debug_macro   0x0000000000013e04      0x289 ./Core/Src/adc.o
 .debug_macro   0x000000000001408d      0x1cb ./Core/Src/adc.o
 .debug_macro   0x0000000000014258      0x114 ./Core/Src/adc.o
 .debug_macro   0x000000000001436c      0x1b2 ./Core/Src/adc.o
 .debug_macro   0x000000000001451e       0x27 ./Core/Src/adc.o
 .debug_macro   0x0000000000014545      0x136 ./Core/Src/adc.o
 .debug_macro   0x000000000001467b      0x1bc ./Core/Src/adc.o
 .debug_macro   0x0000000000014837       0x34 ./Core/Src/adc.o
 .debug_macro   0x000000000001486b       0x3c ./Core/Src/adc.o
 .debug_macro   0x00000000000148a7      0x408 ./Core/Src/adc.o
 .debug_macro   0x0000000000014caf       0x57 ./Core/Src/adc.o
 .debug_macro   0x0000000000014d06      0x46a ./Core/Src/adc.o
 .debug_macro   0x0000000000015170      0x1b5 ./Core/Src/adc.o
 .debug_macro   0x0000000000015325       0x88 ./Core/Src/adc.o
 .debug_macro   0x00000000000153ad      0x241 ./Core/Src/adc.o
 .debug_macro   0x00000000000155ee      0x141 ./Core/Src/adc.o
 .debug_macro   0x000000000001572f       0x83 ./Core/Src/adc.o
 .debug_macro   0x00000000000157b2       0x70 ./Core/Src/adc.o
 .debug_macro   0x0000000000015822      0x1bb ./Core/Src/can.o
 .debug_macro   0x00000000000159dd      0x1bb ./Core/Src/dma.o
 .debug_macro   0x0000000000015b98      0x1bb ./Core/Src/gpio.o
 .debug_macro   0x0000000000015d53      0x1ef ./Core/Src/main.o
 .debug_macro   0x0000000000015f42      0x1b1 ./Core/Src/stm32f1xx_hal_msp.o
 .debug_macro   0x00000000000160f3      0x1bb ./Core/Src/stm32f1xx_it.o
 .debug_macro   0x00000000000162ae      0x1a2 ./Core/Src/system_stm32f1xx.o
 .debug_macro   0x0000000000016450      0x1c6 ./Drivers/STM32F1xx_HAL_Driver/Src/stm32f1xx_hal.o
 .debug_macro   0x0000000000016616      0x1bf ./Drivers/STM32F1xx_HAL_Driver/Src/stm32f1xx_hal_adc.o
 .debug_macro   0x00000000000167d5      0x1b4 ./Drivers/STM32F1xx_HAL_Driver/Src/stm32f1xx_hal_adc_ex.o
 .debug_macro   0x0000000000016989      0x1aa ./Drivers/STM32F1xx_HAL_Driver/Src/stm32f1xx_hal_can.o
 .debug_macro   0x0000000000016b33      0x1a2 ./Drivers/STM32F1xx_HAL_Driver/Src/stm32f1xx_hal_cortex.o
 .debug_macro   0x0000000000016cd5      0x1a2 ./Drivers/STM32F1xx_HAL_Driver/Src/stm32f1xx_hal_dma.o
 .debug_macro   0x0000000000016e77      0x20d ./Drivers/STM32F1xx_HAL_Driver/Src/stm32f1xx_hal_gpio.o
 .debug_macro   0x0000000000017084      0x1b4 ./Drivers/STM32F1xx_HAL_Driver/Src/stm32f1xx_hal_rcc.o
 .debug_macro   0x0000000000017238      0x1a2 ./Drivers/STM32F1xx_HAL_Driver/Src/stm32f1xx_hal_rcc_ex.o

.debug_line     0x0000000000000000     0xa516
 .debug_line    0x0000000000000000      0x6f1 ./Core/Src/adc.o
 .debug_line    0x00000000000006f1      0x6e7 ./Core/Src/can.o
 .debug_line    0x0000000000000dd8      0x648 ./Core/Src/dma.o
 .debug_line    0x0000000000001420      0x66c ./Core/Src/gpio.o
 .debug_line    0x0000000000001a8c      0x89b ./Core/Src/main.o
 .debug_line    0x0000000000002327      0x64d ./Core/Src/stm32f1xx_hal_msp.o
 .debug_line    0x0000000000002974      0x78a ./Core/Src/stm32f1xx_it.o
 .debug_line    0x00000000000030fe      0x6cb ./Core/Src/system_stm32f1xx.o
 .debug_line    0x00000000000037c9       0x87 ./Core/Startup/startup_stm32f103c8tx.o
 .debug_line    0x0000000000003850      0x8f8 ./Drivers/STM32F1xx_HAL_Driver/Src/stm32f1xx_hal.o
 .debug_line    0x0000000000004148      0xf6f ./Drivers/STM32F1xx_HAL_Driver/Src/stm32f1xx_hal_adc.o
 .debug_line    0x00000000000050b7      0xcbd ./Drivers/STM32F1xx_HAL_Driver/Src/stm32f1xx_hal_adc_ex.o
 .debug_line    0x0000000000005d74     0x1099 ./Drivers/STM32F1xx_HAL_Driver/Src/stm32f1xx_hal_can.o
 .debug_line    0x0000000000006e0d      0xae0 ./Drivers/STM32F1xx_HAL_Driver/Src/stm32f1xx_hal_cortex.o
 .debug_line    0x00000000000078ed      0xd50 ./Drivers/STM32F1xx_HAL_Driver/Src/stm32f1xx_hal_dma.o
 .debug_line    0x000000000000863d      0x98f ./Drivers/STM32F1xx_HAL_Driver/Src/stm32f1xx_hal_gpio.o
 .debug_line    0x0000000000008fcc      0xd06 ./Drivers/STM32F1xx_HAL_Driver/Src/stm32f1xx_hal_rcc.o
 .debug_line    0x0000000000009cd2      0x844 ./Drivers/STM32F1xx_HAL_Driver/Src/stm32f1xx_hal_rcc_ex.o

.debug_str      0x0000000000000000    0x83ce6
 .debug_str     0x0000000000000000    0x8184a ./Core/Src/adc.o
                                      0x81c18 (size before relaxing)
 .debug_str     0x000000000008184a      0x616 ./Core/Src/can.o
                                      0x81f44 (size before relaxing)
 .debug_str     0x0000000000081e60       0x29 ./Core/Src/dma.o
                                      0x81aab (size before relaxing)
 .debug_str     0x0000000000081e89       0x68 ./Core/Src/gpio.o
                                      0x81b54 (size before relaxing)
 .debug_str     0x0000000000081ef1      0x497 ./Core/Src/main.o
                                      0x82255 (size before relaxing)
 .debug_str     0x0000000000082388       0x2c ./Core/Src/stm32f1xx_hal_msp.o
                                      0x817d5 (size before relaxing)
 .debug_str     0x00000000000823b4      0x16a ./Core/Src/stm32f1xx_it.o
                                      0x81d10 (size before relaxing)
 .debug_str     0x000000000008251e       0x7e ./Core/Src/system_stm32f1xx.o
                                      0x81654 (size before relaxing)
 .debug_str     0x000000000008259c       0x36 ./Core/Startup/startup_stm32f103c8tx.o
                                         0x7c (size before relaxing)
 .debug_str     0x00000000000825d2      0x38e ./Drivers/STM32F1xx_HAL_Driver/Src/stm32f1xx_hal.o
                                      0x81d87 (size before relaxing)
 .debug_str     0x0000000000082960      0x373 ./Drivers/STM32F1xx_HAL_Driver/Src/stm32f1xx_hal_adc.o
                                      0x81d31 (size before relaxing)
 .debug_str     0x0000000000082cd3      0x2bc ./Drivers/STM32F1xx_HAL_Driver/Src/stm32f1xx_hal_adc_ex.o
                                      0x81d08 (size before relaxing)
 .debug_str     0x0000000000082f8f      0x3d3 ./Drivers/STM32F1xx_HAL_Driver/Src/stm32f1xx_hal_can.o
                                      0x81e54 (size before relaxing)
 .debug_str     0x0000000000083362      0x26c ./Drivers/STM32F1xx_HAL_Driver/Src/stm32f1xx_hal_cortex.o
                                      0x81cd3 (size before relaxing)
 .debug_str     0x00000000000835ce      0x1e7 ./Drivers/STM32F1xx_HAL_Driver/Src/stm32f1xx_hal_dma.o
                                      0x819fd (size before relaxing)
 .debug_str     0x00000000000837b5      0x284 ./Drivers/STM32F1xx_HAL_Driver/Src/stm32f1xx_hal_gpio.o
                                      0x819da (size before relaxing)
 .debug_str     0x0000000000083a39      0x229 ./Drivers/STM32F1xx_HAL_Driver/Src/stm32f1xx_hal_rcc.o
                                      0x81a83 (size before relaxing)
 .debug_str     0x0000000000083c62       0x84 ./Drivers/STM32F1xx_HAL_Driver/Src/stm32f1xx_hal_rcc_ex.o
                                      0x817d3 (size before relaxing)

.comment        0x0000000000000000       0x50
 .comment       0x0000000000000000       0x50 ./Core/Src/adc.o
                                         0x51 (size before relaxing)
 .comment       0x0000000000000050       0x51 ./Core/Src/can.o
 .comment       0x0000000000000050       0x51 ./Core/Src/dma.o
 .comment       0x0000000000000050       0x51 ./Core/Src/gpio.o
 .comment       0x0000000000000050       0x51 ./Core/Src/main.o
 .comment       0x0000000000000050       0x51 ./Core/Src/stm32f1xx_hal_msp.o
 .comment       0x0000000000000050       0x51 ./Core/Src/stm32f1xx_it.o
 .comment       0x0000000000000050       0x51 ./Core/Src/system_stm32f1xx.o
 .comment       0x0000000000000050       0x51 ./Drivers/STM32F1xx_HAL_Driver/Src/stm32f1xx_hal.o
 .comment       0x0000000000000050       0x51 ./Drivers/STM32F1xx_HAL_Driver/Src/stm32f1xx_hal_adc.o
 .comment       0x0000000000000050       0x51 ./Drivers/STM32F1xx_HAL_Driver/Src/stm32f1xx_hal_adc_ex.o
 .comment       0x0000000000000050       0x51 ./Drivers/STM32F1xx_HAL_Driver/Src/stm32f1xx_hal_can.o
 .comment       0x0000000000000050       0x51 ./Drivers/STM32F1xx_HAL_Driver/Src/stm32f1xx_hal_cortex.o
 .comment       0x0000000000000050       0x51 ./Drivers/STM32F1xx_HAL_Driver/Src/stm32f1xx_hal_dma.o
 .comment       0x0000000000000050       0x51 ./Drivers/STM32F1xx_HAL_Driver/Src/stm32f1xx_hal_gpio.o
 .comment       0x0000000000000050       0x51 ./Drivers/STM32F1xx_HAL_Driver/Src/stm32f1xx_hal_rcc.o
 .comment       0x0000000000000050       0x51 ./Drivers/STM32F1xx_HAL_Driver/Src/stm32f1xx_hal_rcc_ex.o

.debug_frame    0x0000000000000000     0x1df0
 .debug_frame   0x0000000000000000       0x7c ./Core/Src/adc.o
 .debug_frame   0x000000000000007c       0x7c ./Core/Src/can.o
 .debug_frame   0x00000000000000f8       0x34 ./Core/Src/dma.o
 .debug_frame   0x000000000000012c       0x34 ./Core/Src/gpio.o
 .debug_frame   0x0000000000000160      0x128 ./Core/Src/main.o
 .debug_frame   0x0000000000000288       0x38 ./Core/Src/stm32f1xx_hal_msp.o
 .debug_frame   0x00000000000002c0      0x190 ./Core/Src/stm32f1xx_it.o
 .debug_frame   0x0000000000000450       0x58 ./Core/Src/system_stm32f1xx.o
 .debug_frame   0x00000000000004a8      0x334 ./Drivers/STM32F1xx_HAL_Driver/Src/stm32f1xx_hal.o
 .debug_frame   0x00000000000007dc      0x40c ./Drivers/STM32F1xx_HAL_Driver/Src/stm32f1xx_hal_adc.o
 .debug_frame   0x0000000000000be8      0x200 ./Drivers/STM32F1xx_HAL_Driver/Src/stm32f1xx_hal_adc_ex.o
 .debug_frame   0x0000000000000de8      0x5a0 ./Drivers/STM32F1xx_HAL_Driver/Src/stm32f1xx_hal_can.o
 .debug_frame   0x0000000000001388      0x428 ./Drivers/STM32F1xx_HAL_Driver/Src/stm32f1xx_hal_cortex.o
 .debug_frame   0x00000000000017b0      0x208 ./Drivers/STM32F1xx_HAL_Driver/Src/stm32f1xx_hal_dma.o
 .debug_frame   0x00000000000019b8      0x14c ./Drivers/STM32F1xx_HAL_Driver/Src/stm32f1xx_hal_gpio.o
 .debug_frame   0x0000000000001b04      0x21c ./Drivers/STM32F1xx_HAL_Driver/Src/stm32f1xx_hal_rcc.o
 .debug_frame   0x0000000000001d20       0x84 ./Drivers/STM32F1xx_HAL_Driver/Src/stm32f1xx_hal_rcc_ex.o
 .debug_frame   0x0000000000001da4       0x2c /opt/st/stm32cubeide_1.10.1/plugins/com.st.stm32cube.ide.mcu.externaltools.gnu-tools-for-stm32.10.3-2021.10.linux64_1.0.0.202111181127/tools/bin/../lib/gcc/arm-none-eabi/10.3.1/../../../../arm-none-eabi/lib/thumb/v7-m/nofp/libc_nano.a(lib_a-init.o)
 .debug_frame   0x0000000000001dd0       0x20 /opt/st/stm32cubeide_1.10.1/plugins/com.st.stm32cube.ide.mcu.externaltools.gnu-tools-for-stm32.10.3-2021.10.linux64_1.0.0.202111181127/tools/bin/../lib/gcc/arm-none-eabi/10.3.1/../../../../arm-none-eabi/lib/thumb/v7-m/nofp/libc_nano.a(lib_a-memset.o)
